// Vitest Snapshot v1, https://vitest.dev/guide/snapshot.html

exports[`bad fixtures > collection-from.jsx 1`] = `
[
  "test/fixtures/bad/collection-from.jsx:13:29 SYG401 List: <Collection from="item"> but 'item' is not a key of List.initialState (keys: items, config, title) (add item: [] to List.initialState, or point 'from' at an existing array field)",
  "test/fixtures/bad/collection-from.jsx:14:29 SYG401 List: <collection from="config"> but List.initialState.config is not an array (make config an array in initialState)",
]
`;

exports[`bad fixtures > controlled-input.jsx 1`] = `
[
  "test/fixtures/bad/controlled-input.jsx:9:9 SYG111 TitleEditor: <input className="title-input"> has value={…} bound to state, but TitleEditor's intent has no input/change listener on it. Sygnal writes the bound value back on every render, so a re-render while the user types resets the typed text (update the state on 'input' (e.g. DOM.input('.title-input').value()), or make the field uncontrolled: drop the value prop and read the value on blur/submit)",
  "test/fixtures/bad/controlled-input.jsx:12:9 SYG111 TitleEditor: <textarea id="notes"> has value={…} bound to state, but TitleEditor's intent has no input/change listener on it. Sygnal writes the bound value back on every render, so a re-render while the user types resets the typed text (update the state on 'input' (e.g. DOM.input('#notes').value()), or make the field uncontrolled: drop the value prop and read the value on blur/submit)",
  "test/fixtures/bad/controlled-input.jsx:15:9 SYG111 TitleEditor: <input className="done"> has checked={…} bound to state, but TitleEditor's intent has no input/change listener on it. Sygnal writes the bound checked back on every render, so a re-render while the user changes it resets the field (update the state on 'change' (e.g. DOM.change('.done')), or make the field uncontrolled: drop the checked prop and read it on submit)",
  "test/fixtures/bad/controlled-input.jsx:18:9 SYG111 TitleEditor: <select className="kind"> has value={…} bound to state, but TitleEditor's intent has no input/change listener on it. Sygnal writes the bound value back on every render, so a re-render while the user changes it resets the field (update the state on 'change' (e.g. DOM.change('.kind')), or make the field uncontrolled: drop the value prop and read it on submit)",
  "test/fixtures/bad/controlled-input.jsx:53:9 SYG111 Literals: <input className="search"> has a literal value="", and Literals's intent has no input/change listener on it. Sygnal controls value even when it is a literal, so every re-render resets the typed text to it (drop the value prop to leave the field uncontrolled, or move the value into state and update it on 'input' (e.g. DOM.input('.search').value()))",
  "test/fixtures/bad/controlled-input.jsx:56:9 SYG111 Literals: <input className="mail"> has a literal value="default@example.com", and Literals's intent has no input/change listener on it. Sygnal controls value even when it is a literal, so every re-render resets the typed text to it (drop the value prop to leave the field uncontrolled, or move the value into state and update it on 'input' (e.g. DOM.input('.mail').value()))",
  "test/fixtures/bad/controlled-input.jsx:59:9 SYG111 Literals: <textarea className="body"> has a literal value="text", and Literals's intent has no input/change listener on it. Sygnal controls value even when it is a literal, so every re-render resets the typed text to it (drop the value prop to leave the field uncontrolled, or move the value into state and update it on 'input' (e.g. DOM.input('.body').value()))",
  "test/fixtures/bad/controlled-input.jsx:62:9 SYG111 Literals: <input className="qty"> has a literal value={0}, and Literals's intent has no input/change listener on it. Sygnal controls value even when it is a literal, so every re-render resets the typed text to it (drop the value prop to leave the field uncontrolled, or move the value into state and update it on 'input' (e.g. DOM.input('.qty').value()))",
  "test/fixtures/bad/controlled-input.jsx:65:9 SYG111 Literals: <input className="opt"> has a literal checked, and Literals's intent has no input/change listener on it. Sygnal controls checked even when it is a literal, so every re-render resets the field to it (drop the checked prop to leave the field uncontrolled, or move the checked into state and update it on 'change' (e.g. DOM.change('.opt')))",
  "test/fixtures/bad/controlled-input.jsx:68:9 SYG111 Literals: <input className="r"> has a literal checked={false}, and Literals's intent has no input/change listener on it. Sygnal controls checked even when it is a literal, so every re-render resets the field to it (drop the checked prop to leave the field uncontrolled, or move the checked into state and update it on 'change' (e.g. DOM.change('.r')))",
  "test/fixtures/bad/controlled-input.jsx:71:9 SYG111 Literals: <select className="pick"> has a literal value="a", and Literals's intent has no input/change listener on it. Sygnal controls value even when it is a literal, so every re-render resets the field to it (drop the value prop to leave the field uncontrolled, or move the value into state and update it on 'change' (e.g. DOM.change('.pick')))",
  "test/fixtures/bad/controlled-input.jsx:77:9 SYG111 Literals: <input className="cleared"> has a literal value={null}, and Literals's intent has no input/change listener on it. A present but null value still controls the field (only an absent prop leaves it alone), so every re-render clears the typed text (drop the value prop to leave the field uncontrolled, or move the value into state and update it on 'input' (e.g. DOM.input('.cleared').value()))",
  "test/fixtures/bad/controlled-input.jsx:80:9 SYG111 Literals: <input className="unset"> has a literal checked={null}, and Literals's intent has no input/change listener on it. A present but null checked still controls the field (only an absent prop leaves it alone), so every re-render unchecks it (drop the checked prop to leave the field uncontrolled, or move the checked into state and update it on 'change' (e.g. DOM.change('.unset')))",
  "test/fixtures/bad/controlled-input.jsx:83:9 SYG111 Literals: <input className="maybe"> has value={…} bound to state, but Literals's intent has no input/change listener on it. Sygnal writes the bound value back on every render, so a re-render while the user types resets the typed text (update the state on 'input' (e.g. DOM.input('.maybe').value()), or make the field uncontrolled: drop the value prop and read the value on blur/submit)",
  "test/fixtures/bad/controlled-input.jsx:96:5 SYG111 Display: <input className="shown"> has value={…} bound to state, but Display's intent has no input/change listener on it. Sygnal writes the bound value back on every render, so a re-render while the user types resets the typed text (update the state on 'input' (e.g. DOM.input('.shown').value()), or make the field uncontrolled: drop the value prop and read the value on blur/submit)",
]
`;

exports[`bad fixtures > controlled-input-controls.jsx 1`] = `
[
  "test/fixtures/bad/controlled-input-controls.jsx:14:9 SYG111 Editor: <Draft> has value={…} bound to state, but Editor's intent has no input/change listener on it. Sygnal writes the bound value back on every render, so a re-render while the user types resets the typed text (update the state on 'input' (e.g. DOM.input(Draft).value()), or make the field uncontrolled: drop the value prop and read the value on blur/submit)",
  "test/fixtures/bad/controlled-input-controls.jsx:17:9 SYG111 Editor: <Notes> has value={…} bound to state, but Editor's intent has no input/change listener on it. Sygnal writes the bound value back on every render, so a re-render while the user types resets the typed text (update the state on 'input' (e.g. DOM.input(Notes).value()), or make the field uncontrolled: drop the value prop and read the value on blur/submit)",
  "test/fixtures/bad/controlled-input-controls.jsx:20:9 SYG111 Editor: <Kind> has value={…} bound to state, but Editor's intent has no input/change listener on it. Sygnal writes the bound value back on every render, so a re-render while the user changes it resets the field (update the state on 'change' (e.g. DOM.change(Kind)), or make the field uncontrolled: drop the value prop and read it on submit)",
  "test/fixtures/bad/controlled-input-controls.jsx:25:9 SYG111 Editor: <Done> has checked={…} bound to state, but Editor's intent has no input/change listener on it. Sygnal writes the bound checked back on every render, so a re-render while the user changes it resets the field (update the state on 'change' (e.g. DOM.change(Done)), or make the field uncontrolled: drop the checked prop and read it on submit)",
  "test/fixtures/bad/controlled-input-controls.jsx:28:9 SYG111 Editor: <Form.Title> has a literal value="", and Editor's intent has no input/change listener on it. Sygnal controls value even when it is a literal, so every re-render resets the typed text to it (drop the value prop to leave the field uncontrolled, or move the value into state and update it on 'input' (e.g. DOM.input(Form.Title).value()))",
  "test/fixtures/bad/controlled-input-controls.jsx:32:11 SYG111 Editor: <input className="inner"> has value={…} bound to state, but Editor's intent has no input/change listener on it. Sygnal writes the bound value back on every render, so a re-render while the user types resets the typed text (update the state on 'input' (e.g. DOM.input('.inner').value()), or make the field uncontrolled: drop the value prop and read the value on blur/submit)",
]
`;

exports[`bad fixtures > events-no-counterpart.jsx 1`] = `
[
  "test/fixtures/bad/events-no-counterpart.jsx:15:14 SYG105 Editor: EVENTS type 'DOC_SAVED' is emitted but nothing in the scanned files selects it (listen with EVENTS.select('DOC_SAVED') in the receiving component's intent, or fix the event name)",
  "test/fixtures/bad/events-no-counterpart.jsx:16:28 SYG105 Editor: EVENTS type 'DOC_PUBLISHED' is emitted but nothing in the scanned files selects it (listen with EVENTS.select('DOC_PUBLISHED') in the receiving component's intent, or fix the event name)",
  "test/fixtures/bad/events-no-counterpart.jsx:17:40 SYG105 Editor: EVENTS type 'DOC_SHARED' is emitted but nothing in the scanned files selects it (listen with EVENTS.select('DOC_SHARED') in the receiving component's intent, or fix the event name)",
  "test/fixtures/bad/events-no-counterpart.jsx:25:21 SYG105 StatusBar: EVENTS.select('DOC_SAVE') but nothing in the scanned files emits 'DOC_SAVE' (emit it from a model entry with EVENTS: event('DOC_SAVE', …), or fix the event name)",
]
`;

exports[`bad fixtures > intent-model-mismatch.jsx 1`] = `
[
  "test/fixtures/bad/intent-model-mismatch.jsx:18:3 SYG101 Form: intent action 'SAVE' has no model entry, so it does nothing (add 'SAVE' to Form.model, or fix the spelling to match an existing model key)",
  "test/fixtures/bad/intent-model-mismatch.jsx:24:3 SYG102 Form: model entry 'SAV' is never triggered: no intent action, built-in action, reply action (ok/error) or next('SAV') call uses it (add 'SAV' to Form.intent, name it in a request (ok: 'SAV'), call next('SAV') from another entry, or remove it)",
  "test/fixtures/bad/intent-model-mismatch.jsx:27:3 SYG102 Form: model entry 'LOG_IT' is never triggered: no intent action, built-in action, reply action (ok/error) or next('LOG_IT') call uses it (add 'LOG_IT' to Form.intent, name it in a request (ok: 'LOG_IT'), call next('LOG_IT') from another entry, or remove it)",
  "test/fixtures/bad/intent-model-mismatch.jsx:36:33 SYG101 Orphan: intent action 'GO' has no model entry, so it does nothing (add 'GO' to Orphan.model, or fix the spelling to match an existing model key)",
  "test/fixtures/bad/intent-model-mismatch.jsx:45:3 SYG102 Silent: model entry 'STOP' is never triggered: no intent action, built-in action, reply action (ok/error) or next('STOP') call uses it (add an intent that returns 'STOP', name it in a request (ok: 'STOP'), call next('STOP') from another entry, or remove it)",
]
`;

exports[`bad fixtures > parent-selects-child.jsx 1`] = `
[
  "test/fixtures/bad/parent-selects-child.jsx:24:21 SYG104 App: selector '.remove' targets .remove, which is only rendered inside child component <TodoItem>; parents can't see DOM events inside child components (handle it in <TodoItem> and send it up via PARENT or EVENTS)",
  "test/fixtures/bad/parent-selects-child.jsx:25:20 SYG104 App: selector '.badge' targets .badge, which is only rendered inside child component <TodoItem> (rendered by TodoItem > Badge); parents can't see DOM events inside child components (handle it in <TodoItem> and send it up via PARENT or EVENTS)",
  "test/fixtures/bad/parent-selects-child.jsx:26:20 SYG104 App: selector '.panel-close' targets .panel-close, which is only rendered inside child component <Panel>; parents can't see DOM events inside child components (handle it in <Panel> and send it up via PARENT or EVENTS)",
  "test/fixtures/bad/parent-selects-child.jsx:27:20 SYG104 App: selector '.panel' targets .panel, which is only rendered inside child component <Panel>; parents can't see DOM events inside child components (handle it in <Panel> and send it up via PARENT or EVENTS)",
]
`;

exports[`bad fixtures > reply-actions.jsx 1`] = `
[
  "test/fixtures/bad/reply-actions.jsx:20:78 SYG112 [error] Quote: the HTTP request of 'LOAD' names 'FIALED' as its error reply action, but Quote has no model entry 'FIALED', so the reply is dropped (did you mean 'FAILED'?) (rename it to the existing entry: error: 'FAILED')",
  "test/fixtures/bad/reply-actions.jsx:23:3 SYG102 Quote: model entry 'FAILED' is never triggered: no intent action, built-in action, reply action (ok/error) or next('FAILED') call uses it (add 'FAILED' to Quote.intent, name it in a request (ok: 'FAILED'), call next('FAILED') from another entry, or remove it)",
  "test/fixtures/bad/reply-actions.jsx:25:3 SYG102 Quote: model entry 'HYDRATE' is never triggered: no intent action, built-in action, reply action (ok/error) or next('HYDRATE') call uses it (add 'HYDRATE' to Quote.intent, name it in a request (ok: 'HYDRATE'), call next('HYDRATE') from another entry, or remove it)",
  "test/fixtures/bad/reply-actions.jsx:40:12 SYG112 [error] Chat: Chat.connections names 'DISCONECTED' as its close reply action, but Chat has no model entry 'DISCONECTED', so those events are dropped (did you mean 'DISCONNECTED'?) (rename it to the existing entry: close: 'DISCONNECTED')",
  "test/fixtures/bad/reply-actions.jsx:47:3 SYG102 Chat: model entry 'DISCONNECTED' is never triggered: no intent action, built-in action, reply action (ok/error) or next('DISCONNECTED') call uses it (add an intent that returns 'DISCONNECTED', name it in a request (ok: 'DISCONNECTED'), call next('DISCONNECTED') from another entry, or remove it)",
]
`;

exports[`bad fixtures > selector-typo.jsx 1`] = `
[
  "test/fixtures/bad/selector-typo.jsx:20:15 SYG110 App: selector '.add-todo-button' targets .add-todo-button, but App's view never renders that class, so this action never fires (did you mean '.add-todo-btn'? The view renders className="add-todo-btn")",
  "test/fixtures/bad/selector-typo.jsx:23:21 SYG110 App: selector '#counter' targets #counter, but App's view never renders that id, so this action never fires (did you mean '#count'? The view renders id="count")",
  "test/fixtures/bad/selector-typo.jsx:24:19 SYG110 App: selector 'ul.todo-list > li.todo-itm' targets .todo-itm, but App's view never renders that class, so this action never fires (did you mean '.todo-item'? The view renders className="todo-item")",
]
`;

exports[`bad fixtures > typed.tsx 1`] = `
[
  "test/fixtures/bad/typed.tsx:13:21 SYG110 Drawer: selector '.drawer-toggel' targets .drawer-toggel, but Drawer's view never renders that class, so this action never fires (did you mean '.drawer-toggle'? The view renders className="drawer-toggle")",
  "test/fixtures/bad/typed.tsx:14:3 SYG101 Drawer: intent action 'CLOSE' has no model entry, so it does nothing (add 'CLOSE' to Drawer.model, or fix the spelling to match an existing model key)",
]
`;
