// Vitest Snapshot v1, https://vitest.dev/guide/snapshot.html

exports[`strict bad fixtures > model-forms.jsx 1`] = `
[
  "test/fixtures/strict/bad/model-forms.jsx:28:22 SYG506 [error] Lane: CHILD.select('TodoItem') matches the child by its name as a string, which Sygnal 6.0 removed (children are matched by their component function) (pass the component function: \`CHILD.select(TodoItem)\`)",
  "test/fixtures/strict/bad/model-forms.jsx:29:23 SYG506 [error] Lane: CHILD.select('Unknown') matches the child by its name as a string, which Sygnal 6.0 removed (children are matched by their component function) (pass the component function: \`CHILD.select(Unknown)\` (import Unknown first))",
  "test/fixtures/strict/bad/model-forms.jsx:33:11 SYG505 Lane: model entry 'DELETE' uses emit() (use the object form with event(): \`DELETE: { EVENTS: event('DELETE_LANE', (state) => ({ laneId: state.id })) }\`)",
  "test/fixtures/strict/bad/model-forms.jsx:34:3 SYG504 [error] Lane: model key 'PLAY | EFFECT' uses the 'ACTION | SINK' shorthand, which Sygnal 6.0 removed (use the object form: \`PLAY: { EFFECT: () => cmd.send('play') }\`)",
  "test/fixtures/strict/bad/model-forms.jsx:35:3 SYG504 [error] Lane: model key 'PING | EVENTS' uses the 'ACTION | SINK' shorthand, which Sygnal 6.0 removed (use the object form: \`PING: { EVENTS: event('PING', (state) => state.id) }\`)",
  "test/fixtures/strict/bad/model-forms.jsx:35:20 SYG505 Lane: the EVENTS sink of 'PING' builds the { type: 'PING', data } object by hand (use the object form with event(): \`PING: { EVENTS: event('PING', (state) => state.id) }\`)",
  "test/fixtures/strict/bad/model-forms.jsx:38:5 SYG505 Lane: model entry 'MARK' spreads emit() into the object form (replace the spread with an EVENTS sink: \`EVENTS: event('MARKED', (state) => state.id)\`)",
  "test/fixtures/strict/bad/model-forms.jsx:41:13 SYG505 Lane: the EVENTS sink of 'MOVE' builds the { type: 'MOVE_LANE', data } object by hand (use the object form with event(): \`MOVE: { EVENTS: event('MOVE_LANE', (state) => ({ laneId: state.id })) }\`)",
]
`;

exports[`strict bad fixtures > positional-view.jsx 1`] = `
[
  "test/fixtures/strict/bad/positional-view.jsx:2:25 SYG501 [error] Counter: the view uses positional arguments (props, state), which Sygnal 6.0 removed: a view gets one argument (destructure the first argument: \`function Counter({ state, ...props })\`)",
  "test/fixtures/strict/bad/positional-view.jsx:14:27 SYG501 [error] Badge: the view uses positional arguments (props, state, context), which Sygnal 6.0 removed: a view gets one argument (destructure the first argument: \`const Badge = ({ label, state, context }) => …\`)",
  "test/fixtures/strict/bad/positional-view.jsx:17:24 SYG501 [error] Panel: the view uses positional arguments (props, state), which Sygnal 6.0 removed: a view gets one argument (destructure the first argument: \`function Panel({ state: { count } })\`)",
]
`;

exports[`strict bad fixtures > prop-drilling.jsx 1`] = `
[
  "test/fixtures/strict/bad/prop-drilling.jsx:13:13 SYG507 [info] Toolbar: prop 'theme' is passed down through 3 component levels (<App> → <Toolbar> → <Menu>) (provide it as context instead: \`App.context = { theme: state => state.theme }\`, and read \`context.theme\` in <Menu>)",
  "test/fixtures/strict/bad/prop-drilling.jsx:20:44 SYG507 [info] Menu: prop 'theme' is passed down through 3 component levels (<Toolbar> → <Menu> → <Item>) (provide it as context instead: \`Toolbar.context = { theme: state => state.theme }\`, and read \`context.theme\` in <Item>)",
]
`;

exports[`strict bad fixtures > reducers.jsx 1`] = `
[
  "test/fixtures/strict/bad/reducers.jsx:49:5 SYG503 Player: the STATE reducer for 'PLAY' runs a side effect (\`player.send('play')\`) and returns ABORT (move it to an EFFECT sink: \`PLAY: { EFFECT: (state, data, next) => { player.send('play') } }\` (no return value needed))",
  "test/fixtures/strict/bad/reducers.jsx:54:7 SYG503 Player: the STATE reducer for 'LOG' runs a side effect (\`console.log('LOG', data)\`) and returns ABORT (keep the state change in STATE and move the side effect to EFFECT: \`LOG: { STATE: (state, data) => …, EFFECT: (state, data, next) => { console.log('LOG', data) } }\`)",
]
`;

exports[`strict bad fixtures > select-roundtrip.jsx 1`] = `
[
  "test/fixtures/strict/bad/select-roundtrip.jsx:11:11 SYG508 Quote: Quote.intent reads HTTP.select('quote') for the replies to its own HTTP request ('LOAD' sends category: 'quote'); reply actions deliver them directly (name the reply actions in the request and drop the intent line: before \`LOAD: { HTTP: (state) => ({ category: 'quote', … }) }\` + \`LOADED: HTTP.select('quote')\`; after \`LOAD: { HTTP: (state) => ({ …, ok: 'LOADED', error: 'FAILED' }) }\` (the 'LOADED' reducer gets the parsed body, 'FAILED' gets { error, status, body, request }))",
  "test/fixtures/strict/bad/select-roundtrip.jsx:12:11 SYG508 Quote: Quote.intent reads HTTP.errors('quote') for the replies to its own HTTP request ('LOAD' sends category: 'quote'); reply actions deliver them directly (name the reply actions in the request and drop the intent line: before \`LOAD: { HTTP: (state) => ({ category: 'quote', … }) }\` + \`FAILED: HTTP.errors('quote')\`; after \`LOAD: { HTTP: (state) => ({ …, ok: 'LOADED', error: 'FAILED' }) }\` (the 'LOADED' reducer gets the parsed body, 'FAILED' gets { error, status, body, request }))",
  "test/fixtures/strict/bad/select-roundtrip.jsx:27:16 SYG508 Users: Users.intent reads API.select('users') for the replies to its own API request ('FETCH' sends endpoint: 'users'); reply actions deliver them directly (name the reply actions in the request and drop the intent line: before \`FETCH: { API: (state) => ({ endpoint: 'users', … }) }\` + \`DATA_LOADED: API.select('users')\`; after \`FETCH: { API: (state) => ({ …, ok: 'DATA_LOADED', error: 'FAILED' }) }\` (the 'DATA_LOADED' reducer gets the parsed body, 'FAILED' gets { error, status, body, request }))",
]
`;

exports[`strict bad fixtures > typed.tsx 1`] = `
[
  "test/fixtures/strict/bad/typed.tsx:7:53 SYG501 [error] Counter: the view uses positional arguments (props, state), which Sygnal 6.0 removed: a view gets one argument (destructure the first argument: \`const Counter = ({ state }) => …\`)",
  "test/fixtures/strict/bad/typed.tsx:25:3 SYG504 [error] Counter: model key 'RESET | EVENTS' uses the 'ACTION | SINK' shorthand, which Sygnal 6.0 removed (use the object form: \`RESET: { EVENTS: event('RESET_DONE') }\`)",
  "test/fixtures/strict/bad/typed.tsx:25:21 SYG505 Counter: the EVENTS sink of 'RESET' builds the { type: 'RESET_DONE', data } object by hand (use the object form with event(): \`RESET: { EVENTS: event('RESET_DONE') }\`)",
]
`;
